iScience figure regeneration log

--- Figure 1 ---
Source: /home/user/바탕화면/DL/SPE-DESIGN-PIPELINE-zenodo-published/figures/Fig1.svg
Editable text elements: 29
Non-text geometry SHA-256: 834d369bfb885c99e13526820f3f565ea61349131d057481c201d6690ee3de60

--- Figure 2 ---
Source: /home/user/바탕화면/DL/SPE-DESIGN-PIPELINE-zenodo-published/figures/Fig2.svg
Editable text elements: 52
Non-text geometry SHA-256: f22c79bbbe43478424d082294aba1602a3d34fa617be692fc152bf9e80bc39b5

--- Figure 3 ---
Source: /home/user/바탕화면/DL/SPE-DESIGN-PIPELINE-zenodo-published/figures/Fig3.svg
Editable text elements: 51
Non-text geometry SHA-256: 4c35dc1da537e3431c0ce56863178f3be1de2f23e75532bc5f19ec192f1dbf46

--- Figure 4 ---
Source: /home/user/바탕화면/DL/SPE-DESIGN-PIPELINE-zenodo-published/figures/Fig4.svg
Editable text elements: 149
Non-text geometry SHA-256: e113fed2e11e23b175b93348de1de49f446349ba86ca1f90558cb4d603107f53

--- Figure 5 ---
Source: /home/user/바탕화면/DL/SPE-DESIGN-PIPELINE-zenodo-published/figures/Fig5.svg
Editable text elements: 232
Non-text geometry SHA-256: 9c7ed99c56f7cd3c315e9c3fcbc8034eadf02502eafdf47a96ae4d1a5a1be6df

--- Figure 6 ---
ROOT: /home/user/바탕화면/DL/SPE-DESIGN-PIPELINE-zenodo-published
SCORECARD_CSV: /home/user/바탕화면/DL/SPE-DESIGN-PIPELINE-zenodo-published/MY_PAPER_RELATED/MODELS/FCD_runs/_conductivity_eval/all_models_scorecard.csv
REF_CSV: /home/user/바탕화면/DL/SPE-DESIGN-PIPELINE-zenodo-published/MY_PAPER_RELATED/polybert_con/simulation-trajectory-aggregate.csv
REF_EMB_PATH: /home/user/바탕화면/DL/SPE-DESIGN-PIPELINE-zenodo-published/MY_PAPER_RELATED/polybert_weighted_evidence/source_data/polybert_run/embeddings.npy
Loaded cached predictions: /home/user/바탕화면/DL/SPE-DESIGN-PIPELINE-zenodo-published/figures/generated_pool_enrichment/cache/proposed_transcvae_polybert_predictions.csv
Figure 3 points: 14
Saved: /home/user/바탕화면/DL/SPE-DESIGN-PIPELINE-zenodo-published/iScience/02_figures/regenerated/Figure_6.pdf
Saved: /home/user/바탕화면/DL/SPE-DESIGN-PIPELINE-zenodo-published/iScience/02_figures/regenerated/Figure_6.tiff
Saved: /home/user/바탕화면/DL/SPE-DESIGN-PIPELINE-zenodo-published/iScience/02_figures/regenerated/Figure_6.svg

--- Figure 7 ---
Saved: /home/user/바탕화면/DL/SPE-DESIGN-PIPELINE-zenodo-published/iScience/02_figures/regenerated/Figure_7.svg
Saved: /home/user/바탕화면/DL/SPE-DESIGN-PIPELINE-zenodo-published/iScience/02_figures/regenerated/Figure_7.pdf
Saved: /home/user/바탕화면/DL/SPE-DESIGN-PIPELINE-zenodo-published/iScience/02_figures/regenerated/Figure_7.tiff
Inputs: /home/user/바탕화면/DL/SPE-DESIGN-PIPELINE-zenodo-published/MY_PAPER_RELATED/polybert_con/oof_predictions.csv rows=6270; /home/user/바탕화면/DL/SPE-DESIGN-PIPELINE-zenodo-published/MY_PAPER_RELATED/polybert_con/weighted_model_selection_canonical_group.csv rows=85

--- Figure 8 ---
Saved: /home/user/바탕화면/DL/SPE-DESIGN-PIPELINE-zenodo-published/iScience/02_figures/regenerated/Figure_8.svg
Saved: /home/user/바탕화면/DL/SPE-DESIGN-PIPELINE-zenodo-published/iScience/02_figures/regenerated/Figure_8.pdf
Saved: /home/user/바탕화면/DL/SPE-DESIGN-PIPELINE-zenodo-published/iScience/02_figures/regenerated/Figure_8.tiff
Source: /home/user/바탕화면/DL/SPE-DESIGN-PIPELINE-zenodo-published/MY_PAPER_RELATED/machine_readable/figure_data/fig8_reference_stratified_static_cne0.csv validated_filter=cutoff_source:Li_TFSI_O_RDF_first_minimum,association_filter:Li_TFSI_O_contacts_ge_2
Stats: completed=108/120 MALogE=0.328962 median_shift=2.240614 mann_whitney_u=72.000000 mann_whitney_p=8.22706705e-05 cliffs_delta=1.000000
Groups: {'bottom': 8, 'middle_stratified': 91, 'top': 9}

--- Figure 9 ---
Saved: /home/user/바탕화면/DL/SPE-DESIGN-PIPELINE-zenodo-published/iScience/02_figures/regenerated/Figure_9.svg
Saved: /home/user/바탕화면/DL/SPE-DESIGN-PIPELINE-zenodo-published/iScience/02_figures/regenerated/Figure_9.pdf
Saved: /home/user/바탕화면/DL/SPE-DESIGN-PIPELINE-zenodo-published/iScience/02_figures/regenerated/Figure_9.tiff
Source: /home/user/바탕화면/DL/SPE-DESIGN-PIPELINE-zenodo-published/MY_PAPER_RELATED/gromacs_eval_pred_conductivity/reproducibility/static_cne0_release/data/generated/generated_md_results_60.csv
Validated: candidates=60 replicas=180 temperature_K=353
Groups: {'HIGH_top': 10, 'HIGH_middle_stratified': 10, 'HIGH_bottom': 10, 'LOW_top': 10, 'LOW_middle_stratified': 10, 'LOW_bottom': 10}

Figure 1: PASS; 3720x1722; 600x600 dpi; RGB; tiff_lzw
Figure 2: PASS; 3720x2588; 600x600 dpi; RGB; tiff_lzw
Figure 3: PASS; 3720x2877; 600x600 dpi; RGB; tiff_lzw
Figure 4: PASS; 3720x2439; 600x600 dpi; RGB; tiff_lzw
Figure 5: PASS; 3720x1261; 600x600 dpi; RGB; tiff_lzw
Figure 6: PASS; 3720x3480; 600x600 dpi; RGB; tiff_lzw
Figure 7: PASS; 3720x1830; 600x600 dpi; RGB; tiff_lzw
Figure 8: PASS; 3720x1830; 600x600 dpi; RGB; tiff_lzw
Figure 9: PASS; 3720x1800; 600x600 dpi; RGB; tiff_lzw
